// Jest Snapshot v1, https://goo.gl/fbAQLP

exports[`<Model /> rendering renders standard component 1`] = `
<div>
  <Switch>
    <Route
      component={[Function]}
      exact={true}
      path="/models"
    />
    <Route
      component={[Function]}
      path="/models/:type"
    />
  </Switch>
</div>
`;
