// Jest Snapshot v1, https://goo.gl/fbAQLP

exports[`<CompConfig /> renders a valid tag and matches snapshot 1`] = `
<Switch>
  <Route
    component={
      Object {
        "$$typeof": Symbol(react.memo),
        "WrappedComponent": [Function],
        "compare": null,
        "displayName": "Connect(Loading)",
        "type": [Function],
      }
    }
    exact={true}
    path="/compconfig"
  />
  <Route
    component={
      Object {
        "$$typeof": Symbol(react.memo),
        "WrappedComponent": [Function],
        "compare": null,
        "displayName": "Connect(Loading)",
        "type": [Function],
      }
    }
    exact={true}
    path="/compconfig/details"
  />
</Switch>
`;
