// Jest Snapshot v1, https://goo.gl/fbAQLP

exports[`<ModelDetails /> rendering renders standard component 1`] = `
<div>
  <form>
    <Stack
      maxWidth={600}
    >
      <Field
        label="Reference"
        name="reference"
        update={[Function]}
        value="ref"
      />
      <Field
        label="Description"
        name="description"
        update={[Function]}
        value="desc"
      />
    </Stack>
    <Stack
      maxWidth={600}
    >
      <ModelAttribute
        attributes={Array []}
        updateAttributes={[Function]}
      />
    </Stack>
    <Button
      onClick={[Function]}
      text="Save"
    />
    <Button
      onClick={[Function]}
      text="Back"
    />
  </form>
</div>
`;
