// Jest Snapshot v1, https://goo.gl/fbAQLP

exports[`<ModelDetails /> rendering renders standard component 1`] = `
<div>
  <form
    onSubmit={[Function]}
  >
    reference: 
    <input
      data-item="reference"
      defaultValue="ref"
      id="edit-reference"
      name="reference"
      onChange={[Function]}
      placeholder="Reference"
      type="text"
    />
    description: 
    <input
      data-item="description"
      defaultValue="desc"
      id="edit-description"
      name="description"
      onChange={[Function]}
      placeholder="Description"
      type="text"
    />
    <button
      type="submit"
    >
      Create
    </button>
  </form>
  <button
    onClick={[Function]}
  >
    Back
  </button>
</div>
`;
