// Jest Snapshot v1, https://goo.gl/fbAQLP

exports[`<ComponentConfigurationDetails /> rendering matches snapshot 1`] = `
<form>
  <Rowise
    tokens={
      Object {
        "childrenGap": 5,
      }
    }
  >
    <Block>
      <Field
        label="Reference"
        name="reference"
        readOnly={true}
        type="text"
        update={[MockFunction]}
        value="reference"
      />
      <Field
        label="Description"
        name="description"
        readOnly={true}
        type="text"
        update={[MockFunction]}
        value="description"
      />
      <Field
        label="Type"
        name="componentType"
        readOnly={true}
        type="text"
        update={[MockFunction]}
        value="type"
      />
      <ListField
        columns={
          Array [
            Object {
              "fieldName": "name",
              "key": "name",
              "maxWidth": 150,
              "minWidth": 50,
              "name": "Name",
            },
            Object {
              "fieldName": "type",
              "key": "type",
              "maxWidth": 50,
              "name": "Type",
            },
            Object {
              "fieldName": "required",
              "key": "required",
              "maxWidth": 10,
              "name": "Required",
              "type": "boolean",
            },
            Object {
              "fieldName": "pathParameter",
              "key": "pathParameter",
              "maxWidth": 10,
              "name": "Path Parameter",
              "type": "boolean",
            },
            Object {
              "fieldName": "defaultValue",
              "key": "defaultValue",
              "maxWidth": 150,
              "name": "Default",
            },
          ]
        }
        label="Attributes"
        name="attributes"
        newElement={
          Object {
            "componentConfiguration": "uri",
          }
        }
        readOnly={true}
        tag={[Function]}
        update={[MockFunction]}
        value={
          Array [
            Object {
              "name": "name",
              "type": "java.lang.Long",
            },
          ]
        }
      />
    </Block>
    <Block>
      <Button
        onClick={[MockFunction]}
        text="Save"
      />
    </Block>
  </Rowise>
</form>
`;
