// Jest Snapshot v1, https://goo.gl/fbAQLP

exports[`<ModelSelection /> rendering renders standard record 1`] = `
<div>
  <h1>
    Models
  </h1>
  <Table
    list={
      Array [
        Object {
          "col1": "col1",
        },
      ]
    }
    load={[MockFunction]}
    tag={[Function]}
  />
  <Link
    replace={false}
    to={
      Object {
        "pathname": "/models/create",
        "state": Object {},
      }
    }
  >
    Create
  </Link>
  <Link
    replace={false}
    to={
      Object {
        "pathname": "/models/edit",
        "state": Object {
          "id": 1,
        },
      }
    }
  >
    Edit
  </Link>
</div>
`;
