// Jest Snapshot v1, https://goo.gl/fbAQLP

exports[`<ModelSelection /> rendering renders standard record 1`] = `
<SelectionComponent
  columns={
    Array [
      Object {
        "fieldName": "reference",
        "key": "reference",
        "maxWidth": 150,
        "minWidth": 50,
        "name": "Reference",
      },
      Object {
        "fieldName": "componentType",
        "key": "componentType",
        "maxWidth": 50,
        "name": "Type",
      },
      Object {
        "fieldName": "description",
        "key": "description",
        "minWidth": 500,
        "name": "Description",
      },
    ]
  }
  createBtn={
    Object {
      "condition": [Function],
      "pathname": "/models/create",
      "stateFn": [Function],
      "text": "Create",
    }
  }
  editBtn={
    Object {
      "condition": [Function],
      "pathname": "/models/edit",
      "stateFn": [Function],
      "text": "Edit",
    }
  }
  list={
    Array [
      Object {
        "componentType": "type",
        "description": "description",
        "reference": "reference",
      },
    ]
  }
  loadList={[MockFunction]}
  title="Models"
/>
`;
