// Jest Snapshot v1, https://goo.gl/fbAQLP

exports[`<ModelSelection /> rendering renders standard record 1`] = `
<SelectionComponent
  buttons={
    Array [
      SelectionButton {
        "condition": [Function],
        "path": "/models/edit",
        "stateFn": [Function],
        "text": "Edit",
      },
      SelectionButton {
        "condition": undefined,
        "path": "/models/create",
        "stateFn": undefined,
        "text": "Create",
      },
    ]
  }
  columns={
    Array [
      Object {
        "fieldName": "reference",
        "key": "reference",
        "maxWidth": 150,
        "minWidth": 50,
        "name": "Reference",
      },
      Object {
        "fieldName": "componentType",
        "key": "componentType",
        "maxWidth": 50,
        "name": "Type",
      },
      Object {
        "fieldName": "description",
        "key": "description",
        "minWidth": 500,
        "name": "Description",
      },
    ]
  }
  list={
    Array [
      Object {
        "componentType": "type",
        "description": "description",
        "reference": "reference",
      },
    ]
  }
  loadList={[MockFunction]}
  title="Models"
/>
`;
