// Jest Snapshot v1, https://goo.gl/fbAQLP

exports[`<ButtonsContainer /> rendering can render standard buttons container 1`] = `
<Columnar
  horizontalAlign="end"
  tokens={
    Object {
      "childrenGap": 5,
    }
  }
>
  <Block
    key="0"
  >
    <Button
      condition={[Function]}
      onClick={[MockFunction]}
      text="Btn1"
      type="standard"
    />
  </Block>
  <Block
    key="1"
  >
    <Button
      condition={[Function]}
      onClick={[MockFunction]}
      text="Btn2"
      type="standard"
    />
  </Block>
</Columnar>
`;
