// Jest Snapshot v1, https://goo.gl/fbAQLP

exports[`detailsComponent Higher Order Component rendering matches snapshot 1`] = `
<div>
  <h1>
    title
  </h1>
  <Rowise
    tokens={
      Object {
        "childrenGap": 5,
      }
    }
  >
    <Block>
      <Tag
        clear={[MockFunction]}
        fieldUpdate={[Function]}
        history={
          Object {
            "goBack": [MockFunction],
          }
        }
        load={
          [MockFunction] {
            "calls": Array [
              Array [
                "uri",
                false,
              ],
            ],
            "results": Array [
              Object {
                "type": "return",
                "value": undefined,
              },
            ],
          }
        }
        loading={false}
        location={
          Object {
            "state": Object {
              "id": "id",
              "isCreate": false,
              "uri": "uri",
            },
          }
        }
        record={
          Object {
            "description": "desc",
            "reference": "reference",
          }
        }
        title="title"
        update={[Function]}
        uri="top-uri"
      />
    </Block>
    <Block>
      <ButtonsContainer
        buttons={
          Array [
            Object {
              "condition": [Function],
              "onClick": [Function],
              "text": "Save",
              "type": "primary",
            },
            Object {
              "condition": [Function],
              "onClick": [Function],
              "text": "Back",
              "type": "standard",
            },
          ]
        }
      />
    </Block>
  </Rowise>
</div>
`;
