// Jest Snapshot v1, https://goo.gl/fbAQLP

exports[`<Table /> rendering can render standard table with records 1`] = `
<StyledWithViewportComponent
  ariaLabelForSelectAllCheckbox="Toggle selection for all items"
  ariaLabelForSelectionColumn="Toggle selection"
  compact={false}
  enterModalSelectionOnTouch={true}
  isHeaderVisible={true}
  items={
    Array [
      Object {
        "description": "desc",
        "reference": "ref",
      },
      Object {
        "description": "desc2",
        "reference": "ref2",
      },
    ]
  }
  layoutMode={1}
  selectionMode={1}
  selectionPreservedOnEmptyClick={true}
  setKey="set"
/>
`;
